$ /Users/jonathanvu/.no-mistakes/worktrees/38c446864270/01M3NZK4215DGQCD59H7N5EKYZ/bin/fm-home-seed.sh platform /var/folders/my/pvdfczzj0ng_bh1rdn867lf80000gn/T//fm-lab.U5PAXU/platform-home beta
Note: switching to 'c868a6417ddac5f8b66e1abfedb8b28411c3899b'.







scaffolded: /var/folders/my/pvdfczzj0ng_bh1rdn867lf80000gn/T//fm-lab.U5PAXU/main/data/platform/brief.md (secondmate charter)
home=/private/var/folders/my/pvdfczzj0ng_bh1rdn867lf80000gn/T/fm-lab.U5PAXU/platform-home
[exit 0]
$ ls /var/folders/my/pvdfczzj0ng_bh1rdn867lf80000gn/T//fm-lab.U5PAXU/platform-home/projects
beta
[exit 0]
$ cat /var/folders/my/pvdfczzj0ng_bh1rdn867lf80000gn/T//fm-lab.U5PAXU/main/data/backlog.md
## In flight

## Queued
- [ ] epsilon-crash - fix the epsilon crash on startup, reliability work (repo: epsilon)
- [ ] epsilon-fix - fix epsilon startup (repo: epsilon)
- [ ] beta-lint - tidy beta lint (repo: beta)
## Done
[exit 0]
$ cat /var/folders/my/pvdfczzj0ng_bh1rdn867lf80000gn/T//fm-lab.U5PAXU/main/data/secondmates.md
- design - Design system work for alpha, gamma and beta (home: /private/var/folders/my/pvdfczzj0ng_bh1rdn867lf80000gn/T/fm-lab.U5PAXU/design-home; scope: Design system work for alpha, gamma and beta; projects: alpha, gamma, beta; added 2026-09-29)
- ios - iOS work (host: lab-unreachable-host; root: /opt/fm-root; home: /opt/fm-home; scope: iOS work; projects: alpha; added 2026-09-29)
- research - Research on alpha icons (home: /private/var/folders/my/pvdfczzj0ng_bh1rdn867lf80000gn/T/fm-lab.U5PAXU/research-home; scope: Research on alpha icons; projects: alpha; added 2026-09-29)
- platform - Platform reliability work for the beta and epsilon services (home: /private/var/folders/my/pvdfczzj0ng_bh1rdn867lf80000gn/T/fm-lab.U5PAXU/platform-home; scope: Platform reliability work for the beta and epsilon services; projects: beta; added 2026-09-29)
[exit 0]
